Microsoft (R) Macro Assembler Version 6.15.8803		    05/22/25 20:25:35
eg0418.asm						     Page 1 - 1


				include io32.inc  
			      C .nolist
			      C .list
			      C 
				; 数据段
 00000000			.data
 00000000 000002A3		array    dword 675,354,-34,198,267,0.9,2371,-67,4257
	   00000162
	   FFFFFFDE
	   000000C6
	   0000010B
	   3F666666
	   00000943
	   FFFFFFBD
	   000010A1

				; 代码段
 00000000			.code
 00000000			start:
 00000000  6A 09		    push lengthof array    ; 压入数据个数
 00000002  68 00000000 R	    push offset array      ; 压入数组的偏移地址
 00000007  E8 00000008		    call mean              ; 调用求平均值子程序
 0000000C  83 C4 08		    add esp,8              ; 平衡堆栈
 0000000F  E8 00000000 E	    call dispsid           ; 显示结果（需自行实现）

				; 子程序：计算32位有符号数平均值
 00000014 00000014		mean proc
 00000014  55			    push ebp
 00000015  8B EC		    mov ebp,esp
 00000017  53			    push ebx
 00000018  51			    push ecx
 00000019  52			    push edx

 0000001A  8B 5D 08		    mov ebx,[ebp + 8]      ; 取数组偏移地址
 0000001D  8B 4D 0C		    mov ecx,[ebp + 12]     ; 取数据个数
 00000020  33 C0		    xor eax,eax            ; 累加器清零
 00000022  33 D2		    xor edx,edx            ; 索引初始化

 00000024			mean1:
 00000024  03 04 93		    add eax,[ebx + edx * 4]  ; 累加数组元素
 00000027  83 C2 01		    add edx,1               ; 索引递增
 0000002A  3B D1		    cmp edx,ecx
 0000002C  72 F6		    jb mean1                ; 循环求和

 0000002E  99			    cdq                     ; 符号扩展EAX到EDX
 0000002F  F7 F9		    idiv ecx                ; 有符号除法（EAX=平均值）

 00000031  5A			    pop edx
 00000032  59			    pop ecx
 00000033  5B			    pop ebx
 00000034  5D			    pop ebp
 00000035  C3			    ret
 00000036			mean endp
				end start
Microsoft (R) Macro Assembler Version 6.15.8803		    05/22/25 20:25:35
eg0418.asm						     Symbols 2 - 1




Macros:

                N a m e                 Type

exit . . . . . . . . . . . . . .	Proc


Segments and Groups:

                N a m e                 Size     Length   Align   Combine Class

FLAT . . . . . . . . . . . . . .	GROUP
_DATA  . . . . . . . . . . . . .	32 Bit	 00000024 Para	  Public  'DATA'	
_TEXT  . . . . . . . . . . . . .	32 Bit	 00000036 Para	  Public  'CODE'	


Procedures,  parameters and locals:

                N a m e                 Type     Value    Attr

$$$00001 . . . . . . . . . . . .	P Near	 00000000 _TEXT	Length= 00000014 Private STDCALL
ExitProcess  . . . . . . . . . .	P Near	 00000000 FLAT	Length= 00000000 External STDCALL
mean . . . . . . . . . . . . . .	P Near	 00000014 _TEXT	Length= 00000022 Public STDCALL
  mean1  . . . . . . . . . . . .	L Near	 00000024 _TEXT	


Symbols:

                N a m e                 Type     Value    Attr

@CodeSize  . . . . . . . . . . .	Number	 00000000h   
@DataSize  . . . . . . . . . . .	Number	 00000000h   
@Interface . . . . . . . . . . .	Number	 00000003h   
@Model . . . . . . . . . . . . .	Number	 00000007h   
@code  . . . . . . . . . . . . .	Text   	 _TEXT
@data  . . . . . . . . . . . . .	Text   	 FLAT
@fardata?  . . . . . . . . . . .	Text   	 FLAT
@fardata . . . . . . . . . . . .	Text   	 FLAT
@stack . . . . . . . . . . . . .	Text   	 FLAT
array  . . . . . . . . . . . . .	DWord	 00000000 _DATA	
dispbb . . . . . . . . . . . . .	L Near	 00000000 FLAT	External STDCALL
dispbd . . . . . . . . . . . . .	L Near	 00000000 FLAT	External STDCALL
dispbw . . . . . . . . . . . . .	L Near	 00000000 FLAT	External STDCALL
dispcrlf . . . . . . . . . . . .	L Near	 00000000 FLAT	External STDCALL
dispc  . . . . . . . . . . . . .	L Near	 00000000 FLAT	External STDCALL
disphb . . . . . . . . . . . . .	L Near	 00000000 FLAT	External STDCALL
disphd . . . . . . . . . . . . .	L Near	 00000000 FLAT	External STDCALL
disphw . . . . . . . . . . . . .	L Near	 00000000 FLAT	External STDCALL
dispmsg  . . . . . . . . . . . .	L Near	 00000000 FLAT	External STDCALL
disprb . . . . . . . . . . . . .	L Near	 00000000 FLAT	External STDCALL
disprd . . . . . . . . . . . . .	L Near	 00000000 FLAT	External STDCALL
disprf . . . . . . . . . . . . .	L Near	 00000000 FLAT	External STDCALL
disprw . . . . . . . . . . . . .	L Near	 00000000 FLAT	External STDCALL
dispsib  . . . . . . . . . . . .	L Near	 00000000 FLAT	External STDCALL
dispsid  . . . . . . . . . . . .	L Near	 00000000 FLAT	External STDCALL
dispsiw  . . . . . . . . . . . .	L Near	 00000000 FLAT	External STDCALL
dispuib  . . . . . . . . . . . .	L Near	 00000000 FLAT	External STDCALL
dispuid  . . . . . . . . . . . .	L Near	 00000000 FLAT	External STDCALL
dispuiw  . . . . . . . . . . . .	L Near	 00000000 FLAT	External STDCALL
readbb . . . . . . . . . . . . .	L Near	 00000000 FLAT	External STDCALL
readbd . . . . . . . . . . . . .	L Near	 00000000 FLAT	External STDCALL
readbw . . . . . . . . . . . . .	L Near	 00000000 FLAT	External STDCALL
readc  . . . . . . . . . . . . .	L Near	 00000000 FLAT	External STDCALL
readhb . . . . . . . . . . . . .	L Near	 00000000 FLAT	External STDCALL
readhd . . . . . . . . . . . . .	L Near	 00000000 FLAT	External STDCALL
readhw . . . . . . . . . . . . .	L Near	 00000000 FLAT	External STDCALL
readmsg  . . . . . . . . . . . .	L Near	 00000000 FLAT	External STDCALL
readsib  . . . . . . . . . . . .	L Near	 00000000 FLAT	External STDCALL
readsid  . . . . . . . . . . . .	L Near	 00000000 FLAT	External STDCALL
readsiw  . . . . . . . . . . . .	L Near	 00000000 FLAT	External STDCALL
readuib  . . . . . . . . . . . .	L Near	 00000000 FLAT	External STDCALL
readuid  . . . . . . . . . . . .	L Near	 00000000 FLAT	External STDCALL
readuiw  . . . . . . . . . . . .	L Near	 00000000 FLAT	External STDCALL
start  . . . . . . . . . . . . .	L Near	 00000000 _TEXT	Public STDCALL

	   0 Warnings
	   0 Errors
