Microsoft (R) Macro Assembler Version 6.15.8803		    05/20/25 16:56:23
ex0411.asm						     Page 1 - 1


				;ex0411
				include io32.inc
			      C .nolist
			      C .list
			      C 
 00000000			.data 
				; 数据段
 00000000 20 49 6E 70 75	inmsg  byte ' Input number(0~9) : ' , 0
	   74 20 6E 75 6D
	   62 65 72 28 30
	   7E 39 29 20 3A
	   20 00
 00000016 0D 0A 20 45 72	ermsg  byte 0dh, 0ah, ' Error! Input again: ' , 0
	   72 6F 72 21 20
	   49 6E 70 75 74
	   20 61 67 61 69
	   6E 3A 20 00
				 ; 代码段
 00000000			.code 
 00000000			start:
 00000000  B8 00000000 R	    mov eax, offset inmsg  ; 提示输入数字
 00000005  E8 00000000 E	    call dispmsg
 0000000A			again:  
 0000000A  E8 00000000 E	    call readc  ; 等待按键
 0000000F  3C 30		    cmp al,'0'  ; 数字 < 0？
 00000011  72 10		    jb erdisp
 00000013  3C 39		    cmp al,'9'  ; 数字 > 9？
 00000015  77 0C		    ja erdisp
 00000017  E8 00000000 E	    call dispcrlf
 0000001C  E8 00000000 E	    call dispc
 00000021  EB 0C		    jmp done
 00000023			erdisp:  
 00000023  B8 00000016 R	    mov eax, offset ermsg
 00000028  E8 00000000 E	    call dispmsg
 0000002D  EB DB		    jmp again
 0000002F			done:
 0000002F
				end start
Microsoft (R) Macro Assembler Version 6.15.8803		    05/20/25 16:56:23
ex0411.asm						     Symbols 2 - 1




Macros:

                N a m e                 Type

exit . . . . . . . . . . . . . .	Proc


Segments and Groups:

                N a m e                 Size     Length   Align   Combine Class

FLAT . . . . . . . . . . . . . .	GROUP
_DATA  . . . . . . . . . . . . .	32 Bit	 0000002E Para	  Public  'DATA'	
_TEXT  . . . . . . . . . . . . .	32 Bit	 0000002F Para	  Public  'CODE'	


Procedures,  parameters and locals:

                N a m e                 Type     Value    Attr

$$$00001 . . . . . . . . . . . .	P Near	 00000000 _TEXT	Length= 0000002F Private STDCALL
  again  . . . . . . . . . . . .	L Near	 0000000A _TEXT	
  erdisp . . . . . . . . . . . .	L Near	 00000023 _TEXT	
  done . . . . . . . . . . . . .	L Near	 0000002F _TEXT	
ExitProcess  . . . . . . . . . .	P Near	 00000000 FLAT	Length= 00000000 External STDCALL


Symbols:

                N a m e                 Type     Value    Attr

@CodeSize  . . . . . . . . . . .	Number	 00000000h   
@DataSize  . . . . . . . . . . .	Number	 00000000h   
@Interface . . . . . . . . . . .	Number	 00000003h   
@Model . . . . . . . . . . . . .	Number	 00000007h   
@code  . . . . . . . . . . . . .	Text   	 _TEXT
@data  . . . . . . . . . . . . .	Text   	 FLAT
@fardata?  . . . . . . . . . . .	Text   	 FLAT
@fardata . . . . . . . . . . . .	Text   	 FLAT
@stack . . . . . . . . . . . . .	Text   	 FLAT
again  . . . . . . . . . . . . .	L Near	 0000000A _TEXT	
dispbb . . . . . . . . . . . . .	L Near	 00000000 FLAT	External STDCALL
dispbd . . . . . . . . . . . . .	L Near	 00000000 FLAT	External STDCALL
dispbw . . . . . . . . . . . . .	L Near	 00000000 FLAT	External STDCALL
dispcrlf . . . . . . . . . . . .	L Near	 00000000 FLAT	External STDCALL
dispc  . . . . . . . . . . . . .	L Near	 00000000 FLAT	External STDCALL
disphb . . . . . . . . . . . . .	L Near	 00000000 FLAT	External STDCALL
disphd . . . . . . . . . . . . .	L Near	 00000000 FLAT	External STDCALL
disphw . . . . . . . . . . . . .	L Near	 00000000 FLAT	External STDCALL
dispmsg  . . . . . . . . . . . .	L Near	 00000000 FLAT	External STDCALL
disprb . . . . . . . . . . . . .	L Near	 00000000 FLAT	External STDCALL
disprd . . . . . . . . . . . . .	L Near	 00000000 FLAT	External STDCALL
disprf . . . . . . . . . . . . .	L Near	 00000000 FLAT	External STDCALL
disprw . . . . . . . . . . . . .	L Near	 00000000 FLAT	External STDCALL
dispsib  . . . . . . . . . . . .	L Near	 00000000 FLAT	External STDCALL
dispsid  . . . . . . . . . . . .	L Near	 00000000 FLAT	External STDCALL
dispsiw  . . . . . . . . . . . .	L Near	 00000000 FLAT	External STDCALL
dispuib  . . . . . . . . . . . .	L Near	 00000000 FLAT	External STDCALL
dispuid  . . . . . . . . . . . .	L Near	 00000000 FLAT	External STDCALL
dispuiw  . . . . . . . . . . . .	L Near	 00000000 FLAT	External STDCALL
done . . . . . . . . . . . . . .	L Near	 0000002F _TEXT	
erdisp . . . . . . . . . . . . .	L Near	 00000023 _TEXT	
ermsg  . . . . . . . . . . . . .	Byte	 00000016 _DATA	
inmsg  . . . . . . . . . . . . .	Byte	 00000000 _DATA	
readbb . . . . . . . . . . . . .	L Near	 00000000 FLAT	External STDCALL
readbd . . . . . . . . . . . . .	L Near	 00000000 FLAT	External STDCALL
readbw . . . . . . . . . . . . .	L Near	 00000000 FLAT	External STDCALL
readc  . . . . . . . . . . . . .	L Near	 00000000 FLAT	External STDCALL
readhb . . . . . . . . . . . . .	L Near	 00000000 FLAT	External STDCALL
readhd . . . . . . . . . . . . .	L Near	 00000000 FLAT	External STDCALL
readhw . . . . . . . . . . . . .	L Near	 00000000 FLAT	External STDCALL
readmsg  . . . . . . . . . . . .	L Near	 00000000 FLAT	External STDCALL
readsib  . . . . . . . . . . . .	L Near	 00000000 FLAT	External STDCALL
readsid  . . . . . . . . . . . .	L Near	 00000000 FLAT	External STDCALL
readsiw  . . . . . . . . . . . .	L Near	 00000000 FLAT	External STDCALL
readuib  . . . . . . . . . . . .	L Near	 00000000 FLAT	External STDCALL
readuid  . . . . . . . . . . . .	L Near	 00000000 FLAT	External STDCALL
readuiw  . . . . . . . . . . . .	L Near	 00000000 FLAT	External STDCALL
start  . . . . . . . . . . . . .	L Near	 00000000 _TEXT	Public STDCALL

	   0 Warnings
	   0 Errors
